19:04:38 **** Build of configuration Debug for project segundo_parcial ****
make -r -j3 all 
Building file: /Users/Roberto/mcuxpresso/SDKPackages/SDK_2/devices/MK64F12/mcuxpresso/startup_mk64f12.c
Building file: ../source/GlobalFunctions.c
Building file: ../source/GPIO.c
Invoking: MCU C Compiler
Invoking: MCU C Compiler
Invoking: MCU C Compiler
arm-none-eabi-gcc -DCR_INTEGER_PRINTF -DSDK_DEBUGCONSOLE=0 -D__MCUXPRESSO -D__USE_CMSIS -DDEBUG -DSDK_OS_BAREMETAL -DFSL_RTOS_BM -DCPU_MK64FN1M0VLL12 -DCPU_MK64FN1M0VLL12_cm4 -D__REDLIB__ -I"/Sistemas_Embebidos/Examen2/segundo_parcial/source" -I"/Sistemas_Embebidos/Examen2/segundo_parcial" -I"/Sistemas_Embebidos/Examen2/segundo_parcial/CMSIS" -I/Users/Roberto/mcuxpresso/SDKPackages/SDK_2/CMSIS/Include -I/Users/Roberto/mcuxpresso/SDKPackages/SDK_2/CMSIS -I/Users/Roberto/mcuxpresso/SDKPackages/SDK_2/devices/MK64F12 -I/Users/Roberto/mcuxpresso/SDKPackages/SDK_2/devices -I"/Sistemas_Embebidos/Examen2/segundo_parcial/startup" -O0 -fno-common -g3 -Wall -c -fmessage-length=0 -fno-builtin -ffunction-sections -fdata-sections -mcpu=cortex-m4 -mfpu=fpv4-sp-d16 -mfloat-abi=hard -mthumb -D__REDLIB__ -specs=redlib.specs -MMD -MP -MF"source/GlobalFunctions.d" -MT"source/GlobalFunctions.o" -MT"source/GlobalFunctions.d" -o "source/GlobalFunctions.o" "../source/GlobalFunctions.c"
arm-none-eabi-gcc -DCR_INTEGER_PRINTF -DSDK_DEBUGCONSOLE=0 -D__MCUXPRESSO -D__USE_CMSIS -DDEBUG -DSDK_OS_BAREMETAL -DFSL_RTOS_BM -DCPU_MK64FN1M0VLL12 -DCPU_MK64FN1M0VLL12_cm4 -D__REDLIB__ -I"/Sistemas_Embebidos/Examen2/segundo_parcial/source" -I"/Sistemas_Embebidos/Examen2/segundo_parcial" -I"/Sistemas_Embebidos/Examen2/segundo_parcial/CMSIS" -I/Users/Roberto/mcuxpresso/SDKPackages/SDK_2/CMSIS/Include -I/Users/Roberto/mcuxpresso/SDKPackages/SDK_2/CMSIS -I/Users/Roberto/mcuxpresso/SDKPackages/SDK_2/devices/MK64F12 -I/Users/Roberto/mcuxpresso/SDKPackages/SDK_2/devices -I"/Sistemas_Embebidos/Examen2/segundo_parcial/startup" -O0 -fno-common -g3 -Wall -c -fmessage-length=0 -fno-builtin -ffunction-sections -fdata-sections -mcpu=cortex-m4 -mfpu=fpv4-sp-d16 -mfloat-abi=hard -mthumb -D__REDLIB__ -specs=redlib.specs -MMD -MP -MF"source/GPIO.d" -MT"source/GPIO.o" -MT"source/GPIO.d" -o "source/GPIO.o" "../source/GPIO.c"
arm-none-eabi-gcc -DCR_INTEGER_PRINTF -DSDK_DEBUGCONSOLE=0 -D__MCUXPRESSO -D__USE_CMSIS -DDEBUG -DSDK_OS_BAREMETAL -DFSL_RTOS_BM -DCPU_MK64FN1M0VLL12 -DCPU_MK64FN1M0VLL12_cm4 -D__REDLIB__ -I"/Sistemas_Embebidos/Examen2/segundo_parcial/source" -I"/Sistemas_Embebidos/Examen2/segundo_parcial" -I"/Sistemas_Embebidos/Examen2/segundo_parcial/CMSIS" -I/Users/Roberto/mcuxpresso/SDKPackages/SDK_2/CMSIS/Include -I/Users/Roberto/mcuxpresso/SDKPackages/SDK_2/CMSIS -I/Users/Roberto/mcuxpresso/SDKPackages/SDK_2/devices/MK64F12 -I/Users/Roberto/mcuxpresso/SDKPackages/SDK_2/devices -I"/Sistemas_Embebidos/Examen2/segundo_parcial/startup" -O0 -fno-common -g3 -Wall -c -fmessage-length=0 -fno-builtin -ffunction-sections -fdata-sections -mcpu=cortex-m4 -mfpu=fpv4-sp-d16 -mfloat-abi=hard -mthumb -D__REDLIB__ -specs=redlib.specs -MMD -MP -MF"startup/startup_mk64f12.d" -MT"startup/startup_mk64f12.o" -MT"startup/startup_mk64f12.d" -o "startup/startup_mk64f12.o" "/Users/Roberto/mcuxpresso/SDKPackages/SDK_2/devices/MK64F12/mcuxpresso/startup_mk64f12.c"
Finished building: ../source/GlobalFunctions.c
 
Finished building: /Users/Roberto/mcuxpresso/SDKPackages/SDK_2/devices/MK64F12/mcuxpresso/startup_mk64f12.c
Building file: ../source/NVIC.c
 
Invoking: MCU C Compiler
Building file: ../source/UART.c
arm-none-eabi-gcc -DCR_INTEGER_PRINTF -DSDK_DEBUGCONSOLE=0 -D__MCUXPRESSO -D__USE_CMSIS -DDEBUG -DSDK_OS_BAREMETAL -DFSL_RTOS_BM -DCPU_MK64FN1M0VLL12 -DCPU_MK64FN1M0VLL12_cm4 -D__REDLIB__ -I"/Sistemas_Embebidos/Examen2/segundo_parcial/source" -I"/Sistemas_Embebidos/Examen2/segundo_parcial" -I"/Sistemas_Embebidos/Examen2/segundo_parcial/CMSIS" -I/Users/Roberto/mcuxpresso/SDKPackages/SDK_2/CMSIS/Include -I/Users/Roberto/mcuxpresso/SDKPackages/SDK_2/CMSIS -I/Users/Roberto/mcuxpresso/SDKPackages/SDK_2/devices/MK64F12 -I/Users/Roberto/mcuxpresso/SDKPackages/SDK_2/devices -I"/Sistemas_Embebidos/Examen2/segundo_parcial/startup" -O0 -fno-common -g3 -Wall -c -fmessage-length=0 -fno-builtin -ffunction-sections -fdata-sections -mcpu=cortex-m4 -mfpu=fpv4-sp-d16 -mfloat-abi=hard -mthumb -D__REDLIB__ -specs=redlib.specs -MMD -MP -MF"source/NVIC.d" -MT"source/NVIC.o" -MT"source/NVIC.d" -o "source/NVIC.o" "../source/NVIC.c"
Invoking: MCU C Compiler
arm-none-eabi-gcc -DCR_INTEGER_PRINTF -DSDK_DEBUGCONSOLE=0 -D__MCUXPRESSO -D__USE_CMSIS -DDEBUG -DSDK_OS_BAREMETAL -DFSL_RTOS_BM -DCPU_MK64FN1M0VLL12 -DCPU_MK64FN1M0VLL12_cm4 -D__REDLIB__ -I"/Sistemas_Embebidos/Examen2/segundo_parcial/source" -I"/Sistemas_Embebidos/Examen2/segundo_parcial" -I"/Sistemas_Embebidos/Examen2/segundo_parcial/CMSIS" -I/Users/Roberto/mcuxpresso/SDKPackages/SDK_2/CMSIS/Include -I/Users/Roberto/mcuxpresso/SDKPackages/SDK_2/CMSIS -I/Users/Roberto/mcuxpresso/SDKPackages/SDK_2/devices/MK64F12 -I/Users/Roberto/mcuxpresso/SDKPackages/SDK_2/devices -I"/Sistemas_Embebidos/Examen2/segundo_parcial/startup" -O0 -fno-common -g3 -Wall -c -fmessage-length=0 -fno-builtin -ffunction-sections -fdata-sections -mcpu=cortex-m4 -mfpu=fpv4-sp-d16 -mfloat-abi=hard -mthumb -D__REDLIB__ -specs=redlib.specs -MMD -MP -MF"source/UART.d" -MT"source/UART.o" -MT"source/UART.d" -o "source/UART.o" "../source/UART.c"
Finished building: ../source/GPIO.c
 
Building file: ../source/main.c
Invoking: MCU C Compiler
arm-none-eabi-gcc -DCR_INTEGER_PRINTF -DSDK_DEBUGCONSOLE=0 -D__MCUXPRESSO -D__USE_CMSIS -DDEBUG -DSDK_OS_BAREMETAL -DFSL_RTOS_BM -DCPU_MK64FN1M0VLL12 -DCPU_MK64FN1M0VLL12_cm4 -D__REDLIB__ -I"/Sistemas_Embebidos/Examen2/segundo_parcial/source" -I"/Sistemas_Embebidos/Examen2/segundo_parcial" -I"/Sistemas_Embebidos/Examen2/segundo_parcial/CMSIS" -I/Users/Roberto/mcuxpresso/SDKPackages/SDK_2/CMSIS/Include -I/Users/Roberto/mcuxpresso/SDKPackages/SDK_2/CMSIS -I/Users/Roberto/mcuxpresso/SDKPackages/SDK_2/devices/MK64F12 -I/Users/Roberto/mcuxpresso/SDKPackages/SDK_2/devices -I"/Sistemas_Embebidos/Examen2/segundo_parcial/startup" -O0 -fno-common -g3 -Wall -c -fmessage-length=0 -fno-builtin -ffunction-sections -fdata-sections -mcpu=cortex-m4 -mfpu=fpv4-sp-d16 -mfloat-abi=hard -mthumb -D__REDLIB__ -specs=redlib.specs -MMD -MP -MF"source/main.d" -MT"source/main.o" -MT"source/main.d" -o "source/main.o" "../source/main.c"
../source/UART.c: In function 'UART_SetPCR':
../source/UART.c:109:2: warning: enumeration value 'UART_1' not handled in switch [-Wswitch]
  switch(UARTChannel){
  ^
../source/UART.c:109:2: warning: enumeration value 'UART_2' not handled in switch [-Wswitch]
../source/UART.c:109:2: warning: enumeration value 'UART_3' not handled in switch [-Wswitch]
../source/UART.c:109:2: warning: enumeration value 'UART_5' not handled in switch [-Wswitch]
../source/UART.c: In function 'UART0_RX_TX_IRQHandler':
../source/UART.c:258:8: warning: variable 'dummyReading' set but not used [-Wunused-but-set-variable]
  uint8 dummyReading;
        ^
../source/UART.c: In function 'stateCheck':
../source/UART.c:272:11: error: 'ESC' undeclared (first use in this function)
   else if(ESC == UART0_MailBox.mailBox){
           ^
../source/UART.c:272:11: note: each undeclared identifier is reported only once for each function it appears in
../source/UART.c:275:11: error: 'ENTER' undeclared (first use in this function)
   else if(ENTER == UART0_MailBox.mailBox){
           ^
../source/UART.c:283:1: warning: control reaches end of non-void function [-Wreturn-type]
 }
 ^
make: *** [source/UART.o] Error 1
make: *** Waiting for unfinished jobs....
../source/main.c: In function 'main':
../source/main.c:42:2: warning: implicit declaration of function 'UART_setPCR' [-Wimplicit-function-declaration]
  UART_setPCR(UART_0);
  ^
../source/main.c:42:14: error: 'UART_0' undeclared (first use in this function)
  UART_setPCR(UART_0);
              ^
../source/main.c:42:14: note: each undeclared identifier is reported only once for each function it appears in
make: *** [source/main.o] Error 1
Finished building: ../source/NVIC.c
 
19:04:57 **** Incremental Build of configuration Debug for project segundo_parcial ****
make -r -j3 all 
Building file: ../source/UART.c
Building file: ../source/main.c
Building file: /Users/Roberto/mcuxpresso/SDKPackages/SDK_2/devices/MK64F12/system_MK64F12.c
Invoking: MCU C Compiler
Invoking: MCU C Compiler
Invoking: MCU C Compiler
arm-none-eabi-gcc -DCR_INTEGER_PRINTF -DSDK_DEBUGCONSOLE=0 -D__MCUXPRESSO -D__USE_CMSIS -DDEBUG -DSDK_OS_BAREMETAL -DFSL_RTOS_BM -DCPU_MK64FN1M0VLL12 -DCPU_MK64FN1M0VLL12_cm4 -D__REDLIB__ -I"/Sistemas_Embebidos/Examen2/segundo_parcial/source" -I"/Sistemas_Embebidos/Examen2/segundo_parcial" -I"/Sistemas_Embebidos/Examen2/segundo_parcial/CMSIS" -I/Users/Roberto/mcuxpresso/SDKPackages/SDK_2/CMSIS/Include -I/Users/Roberto/mcuxpresso/SDKPackages/SDK_2/CMSIS -I/Users/Roberto/mcuxpresso/SDKPackages/SDK_2/devices/MK64F12 -I/Users/Roberto/mcuxpresso/SDKPackages/SDK_2/devices -I"/Sistemas_Embebidos/Examen2/segundo_parcial/startup" -O0 -fno-common -g3 -Wall -c -fmessage-length=0 -fno-builtin -ffunction-sections -fdata-sections -mcpu=cortex-m4 -mfpu=fpv4-sp-d16 -mfloat-abi=hard -mthumb -D__REDLIB__ -specs=redlib.specs -MMD -MP -MF"CMSIS/system_MK64F12.d" -MT"CMSIS/system_MK64F12.o" -MT"CMSIS/system_MK64F12.d" -o "CMSIS/system_MK64F12.o" "/Users/Roberto/mcuxpresso/SDKPackages/SDK_2/devices/MK64F12/system_MK64F12.c"
arm-none-eabi-gcc -DCR_INTEGER_PRINTF -DSDK_DEBUGCONSOLE=0 -D__MCUXPRESSO -D__USE_CMSIS -DDEBUG -DSDK_OS_BAREMETAL -DFSL_RTOS_BM -DCPU_MK64FN1M0VLL12 -DCPU_MK64FN1M0VLL12_cm4 -D__REDLIB__ -I"/Sistemas_Embebidos/Examen2/segundo_parcial/source" -I"/Sistemas_Embebidos/Examen2/segundo_parcial" -I"/Sistemas_Embebidos/Examen2/segundo_parcial/CMSIS" -I/Users/Roberto/mcuxpresso/SDKPackages/SDK_2/CMSIS/Include -I/Users/Roberto/mcuxpresso/SDKPackages/SDK_2/CMSIS -I/Users/Roberto/mcuxpresso/SDKPackages/SDK_2/devices/MK64F12 -I/Users/Roberto/mcuxpresso/SDKPackages/SDK_2/devices -I"/Sistemas_Embebidos/Examen2/segundo_parcial/startup" -O0 -fno-common -g3 -Wall -c -fmessage-length=0 -fno-builtin -ffunction-sections -fdata-sections -mcpu=cortex-m4 -mfpu=fpv4-sp-d16 -mfloat-abi=hard -mthumb -D__REDLIB__ -specs=redlib.specs -MMD -MP -MF"source/main.d" -MT"source/main.o" -MT"source/main.d" -o "source/main.o" "../source/main.c"
arm-none-eabi-gcc -DCR_INTEGER_PRINTF -DSDK_DEBUGCONSOLE=0 -D__MCUXPRESSO -D__USE_CMSIS -DDEBUG -DSDK_OS_BAREMETAL -DFSL_RTOS_BM -DCPU_MK64FN1M0VLL12 -DCPU_MK64FN1M0VLL12_cm4 -D__REDLIB__ -I"/Sistemas_Embebidos/Examen2/segundo_parcial/source" -I"/Sistemas_Embebidos/Examen2/segundo_parcial" -I"/Sistemas_Embebidos/Examen2/segundo_parcial/CMSIS" -I/Users/Roberto/mcuxpresso/SDKPackages/SDK_2/CMSIS/Include -I/Users/Roberto/mcuxpresso/SDKPackages/SDK_2/CMSIS -I/Users/Roberto/mcuxpresso/SDKPackages/SDK_2/devices/MK64F12 -I/Users/Roberto/mcuxpresso/SDKPackages/SDK_2/devices -I"/Sistemas_Embebidos/Examen2/segundo_parcial/startup" -O0 -fno-common -g3 -Wall -c -fmessage-length=0 -fno-builtin -ffunction-sections -fdata-sections -mcpu=cortex-m4 -mfpu=fpv4-sp-d16 -mfloat-abi=hard -mthumb -D__REDLIB__ -specs=redlib.specs -MMD -MP -MF"source/UART.d" -MT"source/UART.o" -MT"source/UART.d" -o "source/UART.o" "../source/UART.c"
../source/main.c: In function 'main':
../source/main.c:42:2: warning: implicit declaration of function 'UART_setPCR' [-Wimplicit-function-declaration]
  UART_setPCR(UART_0);
  ^
../source/UART.c: In function 'UART_SetPCR':
../source/UART.c:109:2: warning: enumeration value 'UART_1' not handled in switch [-Wswitch]
  switch(UARTChannel){
  ^
../source/UART.c:109:2: warning: enumeration value 'UART_2' not handled in switch [-Wswitch]
../source/UART.c:109:2: warning: enumeration value 'UART_3' not handled in switch [-Wswitch]
../source/UART.c:109:2: warning: enumeration value 'UART_5' not handled in switch [-Wswitch]
../source/UART.c: In function 'UART0_RX_TX_IRQHandler':
../source/UART.c:258:8: warning: variable 'dummyReading' set but not used [-Wunused-but-set-variable]
  uint8 dummyReading;
        ^
../source/UART.c: In function 'stateCheck':
../source/UART.c:272:11: error: 'ESC' undeclared (first use in this function)
   else if(ESC == UART0_MailBox.mailBox){
           ^
../source/UART.c:272:11: note: each undeclared identifier is reported only once for each function it appears in
../source/UART.c:275:11: error: 'ENTER' undeclared (first use in this function)
   else if(ENTER == UART0_MailBox.mailBox){
           ^
../source/UART.c:283:1: warning: control reaches end of non-void function [-Wreturn-type]
 }
 ^
make: *** [source/UART.o] Error 1
make: *** Waiting for unfinished jobs....
Finished building: ../source/main.c
 
Finished building: /Users/Roberto/mcuxpresso/SDKPackages/SDK_2/devices/MK64F12/system_MK64F12.c
 
19:05:50 **** Incremental Build of configuration Debug for project segundo_parcial ****
make -r -j3 all 
Building file: ../source/UART.c
Invoking: MCU C Compiler
arm-none-eabi-gcc -DCR_INTEGER_PRINTF -DSDK_DEBUGCONSOLE=0 -D__MCUXPRESSO -D__USE_CMSIS -DDEBUG -DSDK_OS_BAREMETAL -DFSL_RTOS_BM -DCPU_MK64FN1M0VLL12 -DCPU_MK64FN1M0VLL12_cm4 -D__REDLIB__ -I"/Sistemas_Embebidos/Examen2/segundo_parcial/source" -I"/Sistemas_Embebidos/Examen2/segundo_parcial" -I"/Sistemas_Embebidos/Examen2/segundo_parcial/CMSIS" -I/Users/Roberto/mcuxpresso/SDKPackages/SDK_2/CMSIS/Include -I/Users/Roberto/mcuxpresso/SDKPackages/SDK_2/CMSIS -I/Users/Roberto/mcuxpresso/SDKPackages/SDK_2/devices/MK64F12 -I/Users/Roberto/mcuxpresso/SDKPackages/SDK_2/devices -I"/Sistemas_Embebidos/Examen2/segundo_parcial/startup" -O0 -fno-common -g3 -Wall -c -fmessage-length=0 -fno-builtin -ffunction-sections -fdata-sections -mcpu=cortex-m4 -mfpu=fpv4-sp-d16 -mfloat-abi=hard -mthumb -D__REDLIB__ -specs=redlib.specs -MMD -MP -MF"source/UART.d" -MT"source/UART.o" -MT"source/UART.d" -o "source/UART.o" "../source/UART.c"
../source/UART.c: In function 'UART_SetPCR':
../source/UART.c:109:2: warning: enumeration value 'UART_1' not handled in switch [-Wswitch]
  switch(UARTChannel){
  ^
../source/UART.c:109:2: warning: enumeration value 'UART_2' not handled in switch [-Wswitch]
../source/UART.c:109:2: warning: enumeration value 'UART_3' not handled in switch [-Wswitch]
../source/UART.c:109:2: warning: enumeration value 'UART_5' not handled in switch [-Wswitch]
../source/UART.c: In function 'UART0_RX_TX_IRQHandler':
../source/UART.c:258:8: warning: variable 'dummyReading' set but not used [-Wunused-but-set-variable]
  uint8 dummyReading;
        ^
../source/UART.c: In function 'stateCheck':
../source/UART.c:272:11: error: 'ESC' undeclared (first use in this function)
   else if(ESC == UART0_MailBox.mailBox){
           ^
../source/UART.c:272:11: note: each undeclared identifier is reported only once for each function it appears in
../source/UART.c:275:11: error: 'ENTER' undeclared (first use in this function)
   else if(ENTER == UART0_MailBox.mailBox){
           ^
../source/UART.c:283:1: warning: control reaches end of non-void function [-Wreturn-type]
 }
 ^
make: *** [source/UART.o] Error 1
19:05:57 **** Incremental Build of configuration Debug for project segundo_parcial ****
make -r -j3 all 
Building file: ../source/UART.c
Invoking: MCU C Compiler
arm-none-eabi-gcc -DCR_INTEGER_PRINTF -DSDK_DEBUGCONSOLE=0 -D__MCUXPRESSO -D__USE_CMSIS -DDEBUG -DSDK_OS_BAREMETAL -DFSL_RTOS_BM -DCPU_MK64FN1M0VLL12 -DCPU_MK64FN1M0VLL12_cm4 -D__REDLIB__ -I"/Sistemas_Embebidos/Examen2/segundo_parcial/source" -I"/Sistemas_Embebidos/Examen2/segundo_parcial" -I"/Sistemas_Embebidos/Examen2/segundo_parcial/CMSIS" -I/Users/Roberto/mcuxpresso/SDKPackages/SDK_2/CMSIS/Include -I/Users/Roberto/mcuxpresso/SDKPackages/SDK_2/CMSIS -I/Users/Roberto/mcuxpresso/SDKPackages/SDK_2/devices/MK64F12 -I/Users/Roberto/mcuxpresso/SDKPackages/SDK_2/devices -I"/Sistemas_Embebidos/Examen2/segundo_parcial/startup" -O0 -fno-common -g3 -Wall -c -fmessage-length=0 -fno-builtin -ffunction-sections -fdata-sections -mcpu=cortex-m4 -mfpu=fpv4-sp-d16 -mfloat-abi=hard -mthumb -D__REDLIB__ -specs=redlib.specs -MMD -MP -MF"source/UART.d" -MT"source/UART.o" -MT"source/UART.d" -o "source/UART.o" "../source/UART.c"
../source/UART.c: In function 'UART_SetPCR':
../source/UART.c:109:2: warning: enumeration value 'UART_1' not handled in switch [-Wswitch]
  switch(UARTChannel){
  ^
../source/UART.c:109:2: warning: enumeration value 'UART_2' not handled in switch [-Wswitch]
../source/UART.c:109:2: warning: enumeration value 'UART_3' not handled in switch [-Wswitch]
../source/UART.c:109:2: warning: enumeration value 'UART_5' not handled in switch [-Wswitch]
../source/UART.c: In function 'UART0_RX_TX_IRQHandler':
../source/UART.c:258:8: warning: variable 'dummyReading' set but not used [-Wunused-but-set-variable]
  uint8 dummyReading;
        ^
../source/UART.c: In function 'stateCheck':
../source/UART.c:272:11: error: 'ESC' undeclared (first use in this function)
   else if(ESC == UART0_MailBox.mailBox){
           ^
../source/UART.c:272:11: note: each undeclared identifier is reported only once for each function it appears in
../source/UART.c:275:11: error: 'ENTER' undeclared (first use in this function)
   else if(ENTER == UART0_MailBox.mailBox){
           ^
../source/UART.c:283:1: warning: control reaches end of non-void function [-Wreturn-type]
 }
 ^
make: *** [source/UART.o] Error 1
19:08:06 **** Incremental Build of configuration Debug for project segundo_parcial ****
make -r -j3 all 
Building file: ../source/UART.c
Invoking: MCU C Compiler
arm-none-eabi-gcc -DCR_INTEGER_PRINTF -DSDK_DEBUGCONSOLE=0 -D__MCUXPRESSO -D__USE_CMSIS -DDEBUG -DSDK_OS_BAREMETAL -DFSL_RTOS_BM -DCPU_MK64FN1M0VLL12 -DCPU_MK64FN1M0VLL12_cm4 -D__REDLIB__ -I"/Sistemas_Embebidos/Examen2/segundo_parcial/source" -I"/Sistemas_Embebidos/Examen2/segundo_parcial" -I"/Sistemas_Embebidos/Examen2/segundo_parcial/CMSIS" -I/Users/Roberto/mcuxpresso/SDKPackages/SDK_2/CMSIS/Include -I/Users/Roberto/mcuxpresso/SDKPackages/SDK_2/CMSIS -I/Users/Roberto/mcuxpresso/SDKPackages/SDK_2/devices/MK64F12 -I/Users/Roberto/mcuxpresso/SDKPackages/SDK_2/devices -I"/Sistemas_Embebidos/Examen2/segundo_parcial/startup" -O0 -fno-common -g3 -Wall -c -fmessage-length=0 -fno-builtin -ffunction-sections -fdata-sections -mcpu=cortex-m4 -mfpu=fpv4-sp-d16 -mfloat-abi=hard -mthumb -D__REDLIB__ -specs=redlib.specs -MMD -MP -MF"source/UART.d" -MT"source/UART.o" -MT"source/UART.d" -o "source/UART.o" "../source/UART.c"
../source/UART.c: In function 'UART_SetPCR':
../source/UART.c:108:2: warning: enumeration value 'UART_1' not handled in switch [-Wswitch]
  switch(UARTChannel){
  ^
../source/UART.c:108:2: warning: enumeration value 'UART_2' not handled in switch [-Wswitch]
../source/UART.c:108:2: warning: enumeration value 'UART_3' not handled in switch [-Wswitch]
../source/UART.c:108:2: warning: enumeration value 'UART_5' not handled in switch [-Wswitch]
../source/UART.c: In function 'UART0_RX_TX_IRQHandler':
../source/UART.c:257:8: warning: variable 'dummyReading' set but not used [-Wunused-but-set-variable]
  uint8 dummyReading;
        ^
Finished building: ../source/UART.c
 
Building target: segundo_parcial.axf
Invoking: MCU Linker
arm-none-eabi-gcc -nostdlib -Xlinker -Map="segundo_parcial.map" -Xlinker --gc-sections -Xlinker -print-memory-usage -mcpu=cortex-m4 -mfpu=fpv4-sp-d16 -mfloat-abi=hard -mthumb -T segundo_parcial_Debug.ld -o "segundo_parcial.axf"  ./startup/startup_mk64f12.o  ./source/GPIO.o ./source/GlobalFunctions.o ./source/NVIC.o ./source/UART.o ./source/main.o  ./CMSIS/system_MK64F12.o   
Memory region         Used Size  Region Size  %age Used
   PROGRAM_FLASH:        3284 B         1 MB      0.31%
./source/main.o: In function `main':
/Sistemas_Embebidos/Examen2/segundo_parcial/Debug/../source/main.c:42: undefined reference to `UART_setPCR'
      SRAM_UPPER:        8380 B       192 KB      4.26%
collect2: error: ld returned 1 exit status
make: *** [segundo_parcial.axf] Error 1
      SRAM_LOWER:          0 GB        64 KB      0.00%
        FLEX_RAM:          0 GB         4 KB      0.00%
19:10:17 **** Incremental Build of configuration Debug for project segundo_parcial ****
make -r -j3 all 
Building file: ../source/main.c
Invoking: MCU C Compiler
arm-none-eabi-gcc -DCR_INTEGER_PRINTF -DSDK_DEBUGCONSOLE=0 -D__MCUXPRESSO -D__USE_CMSIS -DDEBUG -DSDK_OS_BAREMETAL -DFSL_RTOS_BM -DCPU_MK64FN1M0VLL12 -DCPU_MK64FN1M0VLL12_cm4 -D__REDLIB__ -I"/Sistemas_Embebidos/Examen2/segundo_parcial/source" -I"/Sistemas_Embebidos/Examen2/segundo_parcial" -I"/Sistemas_Embebidos/Examen2/segundo_parcial/CMSIS" -I/Users/Roberto/mcuxpresso/SDKPackages/SDK_2/CMSIS/Include -I/Users/Roberto/mcuxpresso/SDKPackages/SDK_2/CMSIS -I/Users/Roberto/mcuxpresso/SDKPackages/SDK_2/devices/MK64F12 -I/Users/Roberto/mcuxpresso/SDKPackages/SDK_2/devices -I"/Sistemas_Embebidos/Examen2/segundo_parcial/startup" -O0 -fno-common -g3 -Wall -c -fmessage-length=0 -fno-builtin -ffunction-sections -fdata-sections -mcpu=cortex-m4 -mfpu=fpv4-sp-d16 -mfloat-abi=hard -mthumb -D__REDLIB__ -specs=redlib.specs -MMD -MP -MF"source/main.d" -MT"source/main.o" -MT"source/main.d" -o "source/main.o" "../source/main.c"
Finished building: ../source/main.c
 
Building target: segundo_parcial.axf
Invoking: MCU Linker
arm-none-eabi-gcc -nostdlib -Xlinker -Map="segundo_parcial.map" -Xlinker --gc-sections -Xlinker -print-memory-usage -mcpu=cortex-m4 -mfpu=fpv4-sp-d16 -mfloat-abi=hard -mthumb -T segundo_parcial_Debug.ld -o "segundo_parcial.axf"  ./startup/startup_mk64f12.o  ./source/GPIO.o ./source/GlobalFunctions.o ./source/NVIC.o ./source/UART.o ./source/main.o  ./CMSIS/system_MK64F12.o   
Memory region         Used Size  Region Size  %age Used
   PROGRAM_FLASH:        5056 B         1 MB      0.48%
      SRAM_UPPER:        8380 B       192 KB      4.26%
      SRAM_LOWER:          0 GB        64 KB      0.00%
        FLEX_RAM:          0 GB         4 KB      0.00%
Finished building target: segundo_parcial.axf
 
make --no-print-directory post-build
Performing post-build steps
arm-none-eabi-size "segundo_parcial.axf"; # arm-none-eabi-objcopy -v -O binary "segundo_parcial.axf" "segundo_parcial.bin" ; # checksum -p MK64FN1M0xxx12 -d "segundo_parcial.bin";
   text	   data	    bss	    dec	    hex	filename
   5056	      0	   8380	  13436	   347c	segundo_parcial.axf
 
19:27:16 **** Incremental Build of configuration Debug for project segundo_parcial ****
make -r -j3 all 
Building file: ../source/main.c
Invoking: MCU C Compiler
arm-none-eabi-gcc -DCR_INTEGER_PRINTF -DSDK_DEBUGCONSOLE=0 -D__MCUXPRESSO -D__USE_CMSIS -DDEBUG -DSDK_OS_BAREMETAL -DFSL_RTOS_BM -DCPU_MK64FN1M0VLL12 -DCPU_MK64FN1M0VLL12_cm4 -D__REDLIB__ -I"/Sistemas_Embebidos/Examen2/segundo_parcial/source" -I"/Sistemas_Embebidos/Examen2/segundo_parcial" -I"/Sistemas_Embebidos/Examen2/segundo_parcial/CMSIS" -I/Users/Roberto/mcuxpresso/SDKPackages/SDK_2/CMSIS/Include -I/Users/Roberto/mcuxpresso/SDKPackages/SDK_2/CMSIS -I/Users/Roberto/mcuxpresso/SDKPackages/SDK_2/devices/MK64F12 -I/Users/Roberto/mcuxpresso/SDKPackages/SDK_2/devices -I"/Sistemas_Embebidos/Examen2/segundo_parcial/startup" -O0 -fno-common -g3 -Wall -c -fmessage-length=0 -fno-builtin -ffunction-sections -fdata-sections -mcpu=cortex-m4 -mfpu=fpv4-sp-d16 -mfloat-abi=hard -mthumb -D__REDLIB__ -specs=redlib.specs -MMD -MP -MF"source/main.d" -MT"source/main.o" -MT"source/main.d" -o "source/main.o" "../source/main.c"
../source/main.c: In function 'main':
../source/main.c:68:12: error: 'i' undeclared (first use in this function)
        for(i = 0; i < textCounter; i++){
            ^
../source/main.c:68:12: note: each undeclared identifier is reported only once for each function it appears in
../source/main.c:69:9: warning: implicit declaration of function 'convertToMorse' [-Wimplicit-function-declaration]
         convertToMorse(text[i]);
         ^
../source/main.c:70:9: warning: implicit declaration of function 'delay' [-Wimplicit-function-declaration]
         delay(65000);
         ^
../source/main.c:50:17: warning: variable 'text' set but not used [-Wunused-but-set-variable]
    static uint8 text[100]; /*! Arreglo para guardar lo que se escriba*/
                 ^
make: *** [source/main.o] Error 1
19:28:08 **** Incremental Build of configuration Debug for project segundo_parcial ****
make -r -j3 all 
Building file: ../source/main.c
Invoking: MCU C Compiler
arm-none-eabi-gcc -DCR_INTEGER_PRINTF -DSDK_DEBUGCONSOLE=0 -D__MCUXPRESSO -D__USE_CMSIS -DDEBUG -DSDK_OS_BAREMETAL -DFSL_RTOS_BM -DCPU_MK64FN1M0VLL12 -DCPU_MK64FN1M0VLL12_cm4 -D__REDLIB__ -I"/Sistemas_Embebidos/Examen2/segundo_parcial/source" -I"/Sistemas_Embebidos/Examen2/segundo_parcial" -I"/Sistemas_Embebidos/Examen2/segundo_parcial/CMSIS" -I/Users/Roberto/mcuxpresso/SDKPackages/SDK_2/CMSIS/Include -I/Users/Roberto/mcuxpresso/SDKPackages/SDK_2/CMSIS -I/Users/Roberto/mcuxpresso/SDKPackages/SDK_2/devices/MK64F12 -I/Users/Roberto/mcuxpresso/SDKPackages/SDK_2/devices -I"/Sistemas_Embebidos/Examen2/segundo_parcial/startup" -O0 -fno-common -g3 -Wall -c -fmessage-length=0 -fno-builtin -ffunction-sections -fdata-sections -mcpu=cortex-m4 -mfpu=fpv4-sp-d16 -mfloat-abi=hard -mthumb -D__REDLIB__ -specs=redlib.specs -MMD -MP -MF"source/main.d" -MT"source/main.o" -MT"source/main.d" -o "source/main.o" "../source/main.c"
../source/main.c: In function 'main':
../source/main.c:71:9: warning: implicit declaration of function 'convertToMorse' [-Wimplicit-function-declaration]
         convertToMorse(text[i]);
         ^
Finished building: ../source/main.c
 
Building target: segundo_parcial.axf
Invoking: MCU Linker
arm-none-eabi-gcc -nostdlib -Xlinker -Map="segundo_parcial.map" -Xlinker --gc-sections -Xlinker -print-memory-usage -mcpu=cortex-m4 -mfpu=fpv4-sp-d16 -mfloat-abi=hard -mthumb -T segundo_parcial_Debug.ld -o "segundo_parcial.axf"  ./startup/startup_mk64f12.o  ./source/GPIO.o ./source/GlobalFunctions.o ./source/NVIC.o ./source/UART.o ./source/main.o  ./CMSIS/system_MK64F12.o   
./source/main.o: In function `main':
/Sistemas_Embebidos/Examen2/segundo_parcial/Debug/../source/main.c:71: undefined reference to `convertToMorse'
collect2: error: ld returned 1 exit status
Memory region         Used Size  Region Size  %age Used
   PROGRAM_FLASH:        6032 B         1 MB      0.58%
      SRAM_UPPER:        8488 B       192 KB      4.32%
make: *** [segundo_parcial.axf] Error 1
      SRAM_LOWER:          0 GB        64 KB      0.00%
        FLEX_RAM:          0 GB         4 KB      0.00%
19:29:18 **** Incremental Build of configuration Debug for project segundo_parcial ****
make -r -j3 all 
Building file: ../source/CONVERSION.c
Invoking: MCU C Compiler
arm-none-eabi-gcc -DCR_INTEGER_PRINTF -DSDK_DEBUGCONSOLE=0 -D__MCUXPRESSO -D__USE_CMSIS -DDEBUG -DSDK_OS_BAREMETAL -DFSL_RTOS_BM -DCPU_MK64FN1M0VLL12 -DCPU_MK64FN1M0VLL12_cm4 -D__REDLIB__ -I"/Sistemas_Embebidos/Examen2/segundo_parcial/source" -I"/Sistemas_Embebidos/Examen2/segundo_parcial" -I"/Sistemas_Embebidos/Examen2/segundo_parcial/CMSIS" -I/Users/Roberto/mcuxpresso/SDKPackages/SDK_2/CMSIS/Include -I/Users/Roberto/mcuxpresso/SDKPackages/SDK_2/CMSIS -I/Users/Roberto/mcuxpresso/SDKPackages/SDK_2/devices/MK64F12 -I/Users/Roberto/mcuxpresso/SDKPackages/SDK_2/devices -I"/Sistemas_Embebidos/Examen2/segundo_parcial/startup" -O0 -fno-common -g3 -Wall -c -fmessage-length=0 -fno-builtin -ffunction-sections -fdata-sections -mcpu=cortex-m4 -mfpu=fpv4-sp-d16 -mfloat-abi=hard -mthumb -D__REDLIB__ -specs=redlib.specs -MMD -MP -MF"source/CONVERSION.d" -MT"source/CONVERSION.o" -MT"source/CONVERSION.d" -o "source/CONVERSION.o" "../source/CONVERSION.c"
../source/CONVERSION.c:8:21: error: unknown type name 'uint8'
 void convertToMorse(uint8 text){
                     ^
make: *** [source/CONVERSION.o] Error 1
19:29:40 **** Incremental Build of configuration Debug for project segundo_parcial ****
make -r -j3 all 
Building file: ../source/CONVERSION.c
Invoking: MCU C Compiler
arm-none-eabi-gcc -DCR_INTEGER_PRINTF -DSDK_DEBUGCONSOLE=0 -D__MCUXPRESSO -D__USE_CMSIS -DDEBUG -DSDK_OS_BAREMETAL -DFSL_RTOS_BM -DCPU_MK64FN1M0VLL12 -DCPU_MK64FN1M0VLL12_cm4 -D__REDLIB__ -I"/Sistemas_Embebidos/Examen2/segundo_parcial/source" -I"/Sistemas_Embebidos/Examen2/segundo_parcial" -I"/Sistemas_Embebidos/Examen2/segundo_parcial/CMSIS" -I/Users/Roberto/mcuxpresso/SDKPackages/SDK_2/CMSIS/Include -I/Users/Roberto/mcuxpresso/SDKPackages/SDK_2/CMSIS -I/Users/Roberto/mcuxpresso/SDKPackages/SDK_2/devices/MK64F12 -I/Users/Roberto/mcuxpresso/SDKPackages/SDK_2/devices -I"/Sistemas_Embebidos/Examen2/segundo_parcial/startup" -O0 -fno-common -g3 -Wall -c -fmessage-length=0 -fno-builtin -ffunction-sections -fdata-sections -mcpu=cortex-m4 -mfpu=fpv4-sp-d16 -mfloat-abi=hard -mthumb -D__REDLIB__ -specs=redlib.specs -MMD -MP -MF"source/CONVERSION.d" -MT"source/CONVERSION.o" -MT"source/CONVERSION.d" -o "source/CONVERSION.o" "../source/CONVERSION.c"
Finished building: ../source/CONVERSION.c
 
Building target: segundo_parcial.axf
Invoking: MCU Linker
arm-none-eabi-gcc -nostdlib -Xlinker -Map="segundo_parcial.map" -Xlinker --gc-sections -Xlinker -print-memory-usage -mcpu=cortex-m4 -mfpu=fpv4-sp-d16 -mfloat-abi=hard -mthumb -T segundo_parcial_Debug.ld -o "segundo_parcial.axf"  ./startup/startup_mk64f12.o  ./source/CONVERSION.o ./source/GPIO.o ./source/GlobalFunctions.o ./source/NVIC.o ./source/UART.o ./source/main.o  ./CMSIS/system_MK64F12.o   
Memory region         Used Size  Region Size  %age Used
   PROGRAM_FLASH:        6056 B         1 MB      0.58%
      SRAM_UPPER:        8488 B       192 KB      4.32%
      SRAM_LOWER:          0 GB        64 KB      0.00%
        FLEX_RAM:          0 GB         4 KB      0.00%
Finished building target: segundo_parcial.axf
 
make --no-print-directory post-build
Performing post-build steps
arm-none-eabi-size "segundo_parcial.axf"; # arm-none-eabi-objcopy -v -O binary "segundo_parcial.axf" "segundo_parcial.bin" ; # checksum -p MK64FN1M0xxx12 -d "segundo_parcial.bin";
   text	   data	    bss	    dec	    hex	filename
   6056	      0	   8488	  14544	   38d0	segundo_parcial.axf
 
19:31:27 **** Incremental Build of configuration Debug for project segundo_parcial ****
make -r -j3 all 
Building file: ../source/CONVERSION.c
Building file: ../source/PIT.c
Invoking: MCU C Compiler
arm-none-eabi-gcc -DCR_INTEGER_PRINTF -DSDK_DEBUGCONSOLE=0 -D__MCUXPRESSO -D__USE_CMSIS -DDEBUG -DSDK_OS_BAREMETAL -DFSL_RTOS_BM -DCPU_MK64FN1M0VLL12 -DCPU_MK64FN1M0VLL12_cm4 -D__REDLIB__ -I"/Sistemas_Embebidos/Examen2/segundo_parcial/source" -I"/Sistemas_Embebidos/Examen2/segundo_parcial" -I"/Sistemas_Embebidos/Examen2/segundo_parcial/CMSIS" -I/Users/Roberto/mcuxpresso/SDKPackages/SDK_2/CMSIS/Include -I/Users/Roberto/mcuxpresso/SDKPackages/SDK_2/CMSIS -I/Users/Roberto/mcuxpresso/SDKPackages/SDK_2/devices/MK64F12 -I/Users/Roberto/mcuxpresso/SDKPackages/SDK_2/devices -I"/Sistemas_Embebidos/Examen2/segundo_parcial/startup" -O0 -fno-common -g3 -Wall -c -fmessage-length=0 -fno-builtin -ffunction-sections -fdata-sections -mcpu=cortex-m4 -mfpu=fpv4-sp-d16 -mfloat-abi=hard -mthumb -D__REDLIB__ -specs=redlib.specs -MMD -MP -MF"source/CONVERSION.d" -MT"source/CONVERSION.o" -MT"source/CONVERSION.d" -o "source/CONVERSION.o" "../source/CONVERSION.c"
Invoking: MCU C Compiler
arm-none-eabi-gcc -DCR_INTEGER_PRINTF -DSDK_DEBUGCONSOLE=0 -D__MCUXPRESSO -D__USE_CMSIS -DDEBUG -DSDK_OS_BAREMETAL -DFSL_RTOS_BM -DCPU_MK64FN1M0VLL12 -DCPU_MK64FN1M0VLL12_cm4 -D__REDLIB__ -I"/Sistemas_Embebidos/Examen2/segundo_parcial/source" -I"/Sistemas_Embebidos/Examen2/segundo_parcial" -I"/Sistemas_Embebidos/Examen2/segundo_parcial/CMSIS" -I/Users/Roberto/mcuxpresso/SDKPackages/SDK_2/CMSIS/Include -I/Users/Roberto/mcuxpresso/SDKPackages/SDK_2/CMSIS -I/Users/Roberto/mcuxpresso/SDKPackages/SDK_2/devices/MK64F12 -I/Users/Roberto/mcuxpresso/SDKPackages/SDK_2/devices -I"/Sistemas_Embebidos/Examen2/segundo_parcial/startup" -O0 -fno-common -g3 -Wall -c -fmessage-length=0 -fno-builtin -ffunction-sections -fdata-sections -mcpu=cortex-m4 -mfpu=fpv4-sp-d16 -mfloat-abi=hard -mthumb -D__REDLIB__ -specs=redlib.specs -MMD -MP -MF"source/PIT.d" -MT"source/PIT.o" -MT"source/PIT.d" -o "source/PIT.o" "../source/PIT.c"
Finished building: ../source/CONVERSION.c
Finished building: ../source/PIT.c
 
 
Building target: segundo_parcial.axf
Invoking: MCU Linker
arm-none-eabi-gcc -nostdlib -Xlinker -Map="segundo_parcial.map" -Xlinker --gc-sections -Xlinker -print-memory-usage -mcpu=cortex-m4 -mfpu=fpv4-sp-d16 -mfloat-abi=hard -mthumb -T segundo_parcial_Debug.ld -o "segundo_parcial.axf"  ./startup/startup_mk64f12.o  ./source/CONVERSION.o ./source/GPIO.o ./source/GlobalFunctions.o ./source/NVIC.o ./source/PIT.o ./source/UART.o ./source/main.o  ./CMSIS/system_MK64F12.o   
Memory region         Used Size  Region Size  %age Used
   PROGRAM_FLASH:        6136 B         1 MB      0.59%
      SRAM_UPPER:        8492 B       192 KB      4.32%
      SRAM_LOWER:          0 GB        64 KB      0.00%
        FLEX_RAM:          0 GB         4 KB      0.00%
Finished building target: segundo_parcial.axf
 
make --no-print-directory post-build
Performing post-build steps
arm-none-eabi-size "segundo_parcial.axf"; # arm-none-eabi-objcopy -v -O binary "segundo_parcial.axf" "segundo_parcial.bin" ; # checksum -p MK64FN1M0xxx12 -d "segundo_parcial.bin";
   text	   data	    bss	    dec	    hex	filename
   6136	      0	   8492	  14628	   3924	segundo_parcial.axf
 
19:42:51 **** Incremental Build of configuration Debug for project segundo_parcial ****
make -r -j3 all 
Building file: ../source/CONVERSION.c
Invoking: MCU C Compiler
arm-none-eabi-gcc -DCR_INTEGER_PRINTF -DSDK_DEBUGCONSOLE=0 -D__MCUXPRESSO -D__USE_CMSIS -DDEBUG -DSDK_OS_BAREMETAL -DFSL_RTOS_BM -DCPU_MK64FN1M0VLL12 -DCPU_MK64FN1M0VLL12_cm4 -D__REDLIB__ -I"/Sistemas_Embebidos/Examen2/segundo_parcial/source" -I"/Sistemas_Embebidos/Examen2/segundo_parcial" -I"/Sistemas_Embebidos/Examen2/segundo_parcial/CMSIS" -I/Users/Roberto/mcuxpresso/SDKPackages/SDK_2/CMSIS/Include -I/Users/Roberto/mcuxpresso/SDKPackages/SDK_2/CMSIS -I/Users/Roberto/mcuxpresso/SDKPackages/SDK_2/devices/MK64F12 -I/Users/Roberto/mcuxpresso/SDKPackages/SDK_2/devices -I"/Sistemas_Embebidos/Examen2/segundo_parcial/startup" -O0 -fno-common -g3 -Wall -c -fmessage-length=0 -fno-builtin -ffunction-sections -fdata-sections -mcpu=cortex-m4 -mfpu=fpv4-sp-d16 -mfloat-abi=hard -mthumb -D__REDLIB__ -specs=redlib.specs -MMD -MP -MF"source/CONVERSION.d" -MT"source/CONVERSION.o" -MT"source/CONVERSION.d" -o "source/CONVERSION.o" "../source/CONVERSION.c"
../source/CONVERSION.c: In function 'convertToMorse':
../source/CONVERSION.c:13:1: warning: implicit declaration of function 'GPIO_init' [-Wimplicit-function-declaration]
 GPIO_init(PORT_B, GPIO_OUTPUT, BIT23);
 ^
../source/CONVERSION.c:13:11: error: 'PORT_B' undeclared (first use in this function)
 GPIO_init(PORT_B, GPIO_OUTPUT, BIT23);
           ^
../source/CONVERSION.c:13:11: note: each undeclared identifier is reported only once for each function it appears in
../source/CONVERSION.c:15:1: warning: implicit declaration of function 'NVIC_enableInterruptAndPriotity' [-Wimplicit-function-declaration]
 NVIC_enableInterruptAndPriotity(PIT_CH0_IRQ, PRIORITY_10);
 ^
../source/CONVERSION.c:15:33: error: 'PIT_CH0_IRQ' undeclared (first use in this function)
 NVIC_enableInterruptAndPriotity(PIT_CH0_IRQ, PRIORITY_10);
                                 ^
../source/CONVERSION.c:15:46: error: 'PRIORITY_10' undeclared (first use in this function)
 NVIC_enableInterruptAndPriotity(PIT_CH0_IRQ, PRIORITY_10);
                                              ^
../source/CONVERSION.c:16:1: error: 'EnableInterrupt' undeclared (first use in this function)
 EnableInterrupt;
 ^
../source/CONVERSION.c: At top level:
../source/CONVERSION.c:20:6: warning: conflicting types for 'GPIO_init'
 void GPIO_init(GPIO_portNameType portName,GPIO_PIN_CONFIG gpio,BitsType bit){
      ^
../source/CONVERSION.c:13:1: note: previous implicit declaration of 'GPIO_init' was here
 GPIO_init(PORT_B, GPIO_OUTPUT, BIT23);
 ^
../source/CONVERSION.c: In function 'GPIO_init':
../source/CONVERSION.c:21:57: error: 'MUX1' undeclared (first use in this function)
  GPIO_pinControlRegisterType pinControlResgisterPORTB = MUX1;
                                                         ^
../source/CONVERSION.c:24:40: error: 'pin' undeclared (first use in this function)
  GPIO_dataDirectionPIN(portName, gpio, pin);
                                        ^
make: *** [source/CONVERSION.o] Error 1
19:43:07 **** Incremental Build of configuration Debug for project segundo_parcial ****
make -r -j3 all 
Building file: ../source/CONVERSION.c
Invoking: MCU C Compiler
arm-none-eabi-gcc -DCR_INTEGER_PRINTF -DSDK_DEBUGCONSOLE=0 -D__MCUXPRESSO -D__USE_CMSIS -DDEBUG -DSDK_OS_BAREMETAL -DFSL_RTOS_BM -DCPU_MK64FN1M0VLL12 -DCPU_MK64FN1M0VLL12_cm4 -D__REDLIB__ -I"/Sistemas_Embebidos/Examen2/segundo_parcial/source" -I"/Sistemas_Embebidos/Examen2/segundo_parcial" -I"/Sistemas_Embebidos/Examen2/segundo_parcial/CMSIS" -I/Users/Roberto/mcuxpresso/SDKPackages/SDK_2/CMSIS/Include -I/Users/Roberto/mcuxpresso/SDKPackages/SDK_2/CMSIS -I/Users/Roberto/mcuxpresso/SDKPackages/SDK_2/devices/MK64F12 -I/Users/Roberto/mcuxpresso/SDKPackages/SDK_2/devices -I"/Sistemas_Embebidos/Examen2/segundo_parcial/startup" -O0 -fno-common -g3 -Wall -c -fmessage-length=0 -fno-builtin -ffunction-sections -fdata-sections -mcpu=cortex-m4 -mfpu=fpv4-sp-d16 -mfloat-abi=hard -mthumb -D__REDLIB__ -specs=redlib.specs -MMD -MP -MF"source/CONVERSION.d" -MT"source/CONVERSION.o" -MT"source/CONVERSION.d" -o "source/CONVERSION.o" "../source/CONVERSION.c"
../source/CONVERSION.c: In function 'convertToMorse':
../source/CONVERSION.c:13:1: warning: implicit declaration of function 'GPIO_init' [-Wimplicit-function-declaration]
 GPIO_init(PORT_B, GPIO_OUTPUT, BIT23);
 ^
../source/CONVERSION.c:13:11: error: 'PORT_B' undeclared (first use in this function)
 GPIO_init(PORT_B, GPIO_OUTPUT, BIT23);
           ^
../source/CONVERSION.c:13:11: note: each undeclared identifier is reported only once for each function it appears in
../source/CONVERSION.c:15:1: warning: implicit declaration of function 'NVIC_enableInterruptAndPriotity' [-Wimplicit-function-declaration]
 NVIC_enableInterruptAndPriotity(PIT_CH0_IRQ, PRIORITY_10);
 ^
../source/CONVERSION.c:15:33: error: 'PIT_CH0_IRQ' undeclared (first use in this function)
 NVIC_enableInterruptAndPriotity(PIT_CH0_IRQ, PRIORITY_10);
                                 ^
../source/CONVERSION.c:15:46: error: 'PRIORITY_10' undeclared (first use in this function)
 NVIC_enableInterruptAndPriotity(PIT_CH0_IRQ, PRIORITY_10);
                                              ^
../source/CONVERSION.c:16:1: error: 'EnableInterrupt' undeclared (first use in this function)
 EnableInterrupt;
 ^
../source/CONVERSION.c: At top level:
../source/CONVERSION.c:20:6: warning: conflicting types for 'GPIO_init'
 void GPIO_init(GPIO_portNameType portName,GPIO_PIN_CONFIG gpio,BitsType bit){
      ^
../source/CONVERSION.c:13:1: note: previous implicit declaration of 'GPIO_init' was here
 GPIO_init(PORT_B, GPIO_OUTPUT, BIT23);
 ^
../source/CONVERSION.c: In function 'GPIO_init':
../source/CONVERSION.c:21:57: error: 'MUX1' undeclared (first use in this function)
  GPIO_pinControlRegisterType pinControlResgisterPORTB = MUX1;
                                                         ^
../source/CONVERSION.c:24:40: error: 'pin' undeclared (first use in this function)
  GPIO_dataDirectionPIN(portName, gpio, pin);
                                        ^
make: *** [source/CONVERSION.o] Error 1
19:43:35 **** Incremental Build of configuration Debug for project segundo_parcial ****
make -r -j3 all 
Building file: ../source/CONVERSION.c
Invoking: MCU C Compiler
arm-none-eabi-gcc -DCR_INTEGER_PRINTF -DSDK_DEBUGCONSOLE=0 -D__MCUXPRESSO -D__USE_CMSIS -DDEBUG -DSDK_OS_BAREMETAL -DFSL_RTOS_BM -DCPU_MK64FN1M0VLL12 -DCPU_MK64FN1M0VLL12_cm4 -D__REDLIB__ -I"/Sistemas_Embebidos/Examen2/segundo_parcial/source" -I"/Sistemas_Embebidos/Examen2/segundo_parcial" -I"/Sistemas_Embebidos/Examen2/segundo_parcial/CMSIS" -I/Users/Roberto/mcuxpresso/SDKPackages/SDK_2/CMSIS/Include -I/Users/Roberto/mcuxpresso/SDKPackages/SDK_2/CMSIS -I/Users/Roberto/mcuxpresso/SDKPackages/SDK_2/devices/MK64F12 -I/Users/Roberto/mcuxpresso/SDKPackages/SDK_2/devices -I"/Sistemas_Embebidos/Examen2/segundo_parcial/startup" -O0 -fno-common -g3 -Wall -c -fmessage-length=0 -fno-builtin -ffunction-sections -fdata-sections -mcpu=cortex-m4 -mfpu=fpv4-sp-d16 -mfloat-abi=hard -mthumb -D__REDLIB__ -specs=redlib.specs -MMD -MP -MF"source/CONVERSION.d" -MT"source/CONVERSION.o" -MT"source/CONVERSION.d" -o "source/CONVERSION.o" "../source/CONVERSION.c"
../source/CONVERSION.c: In function 'convertToMorse':
../source/CONVERSION.c:13:1: warning: implicit declaration of function 'GPIO_init' [-Wimplicit-function-declaration]
 GPIO_init(GPIO_B, GPIO_OUTPUT, BIT23);
 ^
../source/CONVERSION.c:15:1: warning: implicit declaration of function 'NVIC_enableInterruptAndPriotity' [-Wimplicit-function-declaration]
 NVIC_enableInterruptAndPriotity(PIT_CH0_IRQ, PRIORITY_10);
 ^
../source/CONVERSION.c:15:33: error: 'PIT_CH0_IRQ' undeclared (first use in this function)
 NVIC_enableInterruptAndPriotity(PIT_CH0_IRQ, PRIORITY_10);
                                 ^
../source/CONVERSION.c:15:33: note: each undeclared identifier is reported only once for each function it appears in
../source/CONVERSION.c:15:46: error: 'PRIORITY_10' undeclared (first use in this function)
 NVIC_enableInterruptAndPriotity(PIT_CH0_IRQ, PRIORITY_10);
                                              ^
../source/CONVERSION.c:16:1: error: 'EnableInterrupt' undeclared (first use in this function)
 EnableInterrupt;
 ^
../source/CONVERSION.c: At top level:
../source/CONVERSION.c:20:6: warning: conflicting types for 'GPIO_init'
 void GPIO_init(GPIO_portNameType portName,GPIO_PIN_CONFIG gpio,BitsType bit){
      ^
../source/CONVERSION.c:13:1: note: previous implicit declaration of 'GPIO_init' was here
 GPIO_init(GPIO_B, GPIO_OUTPUT, BIT23);
 ^
../source/CONVERSION.c: In function 'GPIO_init':
../source/CONVERSION.c:21:57: error: 'MUX1' undeclared (first use in this function)
  GPIO_pinControlRegisterType pinControlResgisterPORTB = MUX1;
                                                         ^
../source/CONVERSION.c:24:40: error: 'pin' undeclared (first use in this function)
  GPIO_dataDirectionPIN(portName, gpio, pin);
                                        ^
make: *** [source/CONVERSION.o] Error 1
19:43:46 **** Incremental Build of configuration Debug for project segundo_parcial ****
make -r -j3 all 
Building file: ../source/CONVERSION.c
Invoking: MCU C Compiler
arm-none-eabi-gcc -DCR_INTEGER_PRINTF -DSDK_DEBUGCONSOLE=0 -D__MCUXPRESSO -D__USE_CMSIS -DDEBUG -DSDK_OS_BAREMETAL -DFSL_RTOS_BM -DCPU_MK64FN1M0VLL12 -DCPU_MK64FN1M0VLL12_cm4 -D__REDLIB__ -I"/Sistemas_Embebidos/Examen2/segundo_parcial/source" -I"/Sistemas_Embebidos/Examen2/segundo_parcial" -I"/Sistemas_Embebidos/Examen2/segundo_parcial/CMSIS" -I/Users/Roberto/mcuxpresso/SDKPackages/SDK_2/CMSIS/Include -I/Users/Roberto/mcuxpresso/SDKPackages/SDK_2/CMSIS -I/Users/Roberto/mcuxpresso/SDKPackages/SDK_2/devices/MK64F12 -I/Users/Roberto/mcuxpresso/SDKPackages/SDK_2/devices -I"/Sistemas_Embebidos/Examen2/segundo_parcial/startup" -O0 -fno-common -g3 -Wall -c -fmessage-length=0 -fno-builtin -ffunction-sections -fdata-sections -mcpu=cortex-m4 -mfpu=fpv4-sp-d16 -mfloat-abi=hard -mthumb -D__REDLIB__ -specs=redlib.specs -MMD -MP -MF"source/CONVERSION.d" -MT"source/CONVERSION.o" -MT"source/CONVERSION.d" -o "source/CONVERSION.o" "../source/CONVERSION.c"
../source/CONVERSION.c: In function 'convertToMorse':
../source/CONVERSION.c:14:1: warning: implicit declaration of function 'GPIO_init' [-Wimplicit-function-declaration]
 GPIO_init(GPIO_B, GPIO_OUTPUT, BIT23);
 ^
../source/CONVERSION.c:17:1: error: 'EnableInterrupt' undeclared (first use in this function)
 EnableInterrupt;
 ^
../source/CONVERSION.c:17:1: note: each undeclared identifier is reported only once for each function it appears in
../source/CONVERSION.c: At top level:
../source/CONVERSION.c:21:6: warning: conflicting types for 'GPIO_init'
 void GPIO_init(GPIO_portNameType portName,GPIO_PIN_CONFIG gpio,BitsType bit){
      ^
../source/CONVERSION.c:14:1: note: previous implicit declaration of 'GPIO_init' was here
 GPIO_init(GPIO_B, GPIO_OUTPUT, BIT23);
 ^
../source/CONVERSION.c: In function 'GPIO_init':
../source/CONVERSION.c:22:57: error: 'MUX1' undeclared (first use in this function)
  GPIO_pinControlRegisterType pinControlResgisterPORTB = MUX1;
                                                         ^
../source/CONVERSION.c:25:40: error: 'pin' undeclared (first use in this function)
  GPIO_dataDirectionPIN(portName, gpio, pin);
                                        ^
make: *** [source/CONVERSION.o] Error 1
19:44:00 **** Incremental Build of configuration Debug for project segundo_parcial ****
make -r -j3 all 
Building file: ../source/CONVERSION.c
Invoking: MCU C Compiler
arm-none-eabi-gcc -DCR_INTEGER_PRINTF -DSDK_DEBUGCONSOLE=0 -D__MCUXPRESSO -D__USE_CMSIS -DDEBUG -DSDK_OS_BAREMETAL -DFSL_RTOS_BM -DCPU_MK64FN1M0VLL12 -DCPU_MK64FN1M0VLL12_cm4 -D__REDLIB__ -I"/Sistemas_Embebidos/Examen2/segundo_parcial/source" -I"/Sistemas_Embebidos/Examen2/segundo_parcial" -I"/Sistemas_Embebidos/Examen2/segundo_parcial/CMSIS" -I/Users/Roberto/mcuxpresso/SDKPackages/SDK_2/CMSIS/Include -I/Users/Roberto/mcuxpresso/SDKPackages/SDK_2/CMSIS -I/Users/Roberto/mcuxpresso/SDKPackages/SDK_2/devices/MK64F12 -I/Users/Roberto/mcuxpresso/SDKPackages/SDK_2/devices -I"/Sistemas_Embebidos/Examen2/segundo_parcial/startup" -O0 -fno-common -g3 -Wall -c -fmessage-length=0 -fno-builtin -ffunction-sections -fdata-sections -mcpu=cortex-m4 -mfpu=fpv4-sp-d16 -mfloat-abi=hard -mthumb -D__REDLIB__ -specs=redlib.specs -MMD -MP -MF"source/CONVERSION.d" -MT"source/CONVERSION.o" -MT"source/CONVERSION.d" -o "source/CONVERSION.o" "../source/CONVERSION.c"
../source/CONVERSION.c: In function 'convertToMorse':
../source/CONVERSION.c:14:1: warning: implicit declaration of function 'GPIO_init' [-Wimplicit-function-declaration]
 GPIO_init(GPIO_B, GPIO_OUTPUT, BIT23);
 ^
../source/CONVERSION.c:17:1: error: 'EnableInterrupt' undeclared (first use in this function)
 EnableInterrupt;
 ^
../source/CONVERSION.c:17:1: note: each undeclared identifier is reported only once for each function it appears in
../source/CONVERSION.c: At top level:
../source/CONVERSION.c:21:6: warning: conflicting types for 'GPIO_init'
 void GPIO_init(GPIO_portNameType portName,GPIO_PIN_CONFIG gpio,BitsType bit){
      ^
../source/CONVERSION.c:14:1: note: previous implicit declaration of 'GPIO_init' was here
 GPIO_init(GPIO_B, GPIO_OUTPUT, BIT23);
 ^
../source/CONVERSION.c: In function 'GPIO_init':
../source/CONVERSION.c:25:40: error: 'pin' undeclared (first use in this function)
  GPIO_dataDirectionPIN(portName, gpio, pin);
                                        ^
make: *** [source/CONVERSION.o] Error 1
19:44:10 **** Incremental Build of configuration Debug for project segundo_parcial ****
make -r -j3 all 
Building file: ../source/CONVERSION.c
Invoking: MCU C Compiler
arm-none-eabi-gcc -DCR_INTEGER_PRINTF -DSDK_DEBUGCONSOLE=0 -D__MCUXPRESSO -D__USE_CMSIS -DDEBUG -DSDK_OS_BAREMETAL -DFSL_RTOS_BM -DCPU_MK64FN1M0VLL12 -DCPU_MK64FN1M0VLL12_cm4 -D__REDLIB__ -I"/Sistemas_Embebidos/Examen2/segundo_parcial/source" -I"/Sistemas_Embebidos/Examen2/segundo_parcial" -I"/Sistemas_Embebidos/Examen2/segundo_parcial/CMSIS" -I/Users/Roberto/mcuxpresso/SDKPackages/SDK_2/CMSIS/Include -I/Users/Roberto/mcuxpresso/SDKPackages/SDK_2/CMSIS -I/Users/Roberto/mcuxpresso/SDKPackages/SDK_2/devices/MK64F12 -I/Users/Roberto/mcuxpresso/SDKPackages/SDK_2/devices -I"/Sistemas_Embebidos/Examen2/segundo_parcial/startup" -O0 -fno-common -g3 -Wall -c -fmessage-length=0 -fno-builtin -ffunction-sections -fdata-sections -mcpu=cortex-m4 -mfpu=fpv4-sp-d16 -mfloat-abi=hard -mthumb -D__REDLIB__ -specs=redlib.specs -MMD -MP -MF"source/CONVERSION.d" -MT"source/CONVERSION.o" -MT"source/CONVERSION.d" -o "source/CONVERSION.o" "../source/CONVERSION.c"
../source/CONVERSION.c: In function 'convertToMorse':
../source/CONVERSION.c:14:1: warning: implicit declaration of function 'GPIO_init' [-Wimplicit-function-declaration]
 GPIO_init(GPIO_B, GPIO_OUTPUT, BIT23);
 ^
../source/CONVERSION.c:17:1: error: 'EnableInterrupt' undeclared (first use in this function)
 EnableInterrupt;
 ^
../source/CONVERSION.c:17:1: note: each undeclared identifier is reported only once for each function it appears in
../source/CONVERSION.c: At top level:
../source/CONVERSION.c:21:6: warning: conflicting types for 'GPIO_init'
 void GPIO_init(GPIO_portNameType portName,GPIO_PIN_CONFIG gpio,BitsType bit){
      ^
../source/CONVERSION.c:14:1: note: previous implicit declaration of 'GPIO_init' was here
 GPIO_init(GPIO_B, GPIO_OUTPUT, BIT23);
 ^
../source/CONVERSION.c: In function 'GPIO_init':
../source/CONVERSION.c:26:24: error: 'pin' undeclared (first use in this function)
  GPIO_setPIN(portName, pin);
                        ^
make: *** [source/CONVERSION.o] Error 1
19:44:15 **** Incremental Build of configuration Debug for project segundo_parcial ****
make -r -j3 all 
Building file: ../source/CONVERSION.c
Invoking: MCU C Compiler
arm-none-eabi-gcc -DCR_INTEGER_PRINTF -DSDK_DEBUGCONSOLE=0 -D__MCUXPRESSO -D__USE_CMSIS -DDEBUG -DSDK_OS_BAREMETAL -DFSL_RTOS_BM -DCPU_MK64FN1M0VLL12 -DCPU_MK64FN1M0VLL12_cm4 -D__REDLIB__ -I"/Sistemas_Embebidos/Examen2/segundo_parcial/source" -I"/Sistemas_Embebidos/Examen2/segundo_parcial" -I"/Sistemas_Embebidos/Examen2/segundo_parcial/CMSIS" -I/Users/Roberto/mcuxpresso/SDKPackages/SDK_2/CMSIS/Include -I/Users/Roberto/mcuxpresso/SDKPackages/SDK_2/CMSIS -I/Users/Roberto/mcuxpresso/SDKPackages/SDK_2/devices/MK64F12 -I/Users/Roberto/mcuxpresso/SDKPackages/SDK_2/devices -I"/Sistemas_Embebidos/Examen2/segundo_parcial/startup" -O0 -fno-common -g3 -Wall -c -fmessage-length=0 -fno-builtin -ffunction-sections -fdata-sections -mcpu=cortex-m4 -mfpu=fpv4-sp-d16 -mfloat-abi=hard -mthumb -D__REDLIB__ -specs=redlib.specs -MMD -MP -MF"source/CONVERSION.d" -MT"source/CONVERSION.o" -MT"source/CONVERSION.d" -o "source/CONVERSION.o" "../source/CONVERSION.c"
../source/CONVERSION.c: In function 'convertToMorse':
../source/CONVERSION.c:14:1: warning: implicit declaration of function 'GPIO_init' [-Wimplicit-function-declaration]
 GPIO_init(GPIO_B, GPIO_OUTPUT, BIT23);
 ^
../source/CONVERSION.c:17:1: error: 'EnableInterrupt' undeclared (first use in this function)
 EnableInterrupt;
 ^
../source/CONVERSION.c:17:1: note: each undeclared identifier is reported only once for each function it appears in
../source/CONVERSION.c: At top level:
../source/CONVERSION.c:21:6: warning: conflicting types for 'GPIO_init'
 void GPIO_init(GPIO_portNameType portName,GPIO_PIN_CONFIG gpio,BitsType bit){
      ^
../source/CONVERSION.c:14:1: note: previous implicit declaration of 'GPIO_init' was here
 GPIO_init(GPIO_B, GPIO_OUTPUT, BIT23);
 ^
make: *** [source/CONVERSION.o] Error 1
19:44:28 **** Incremental Build of configuration Debug for project segundo_parcial ****
make -r -j3 all 
Building file: ../source/CONVERSION.c
Invoking: MCU C Compiler
arm-none-eabi-gcc -DCR_INTEGER_PRINTF -DSDK_DEBUGCONSOLE=0 -D__MCUXPRESSO -D__USE_CMSIS -DDEBUG -DSDK_OS_BAREMETAL -DFSL_RTOS_BM -DCPU_MK64FN1M0VLL12 -DCPU_MK64FN1M0VLL12_cm4 -D__REDLIB__ -I"/Sistemas_Embebidos/Examen2/segundo_parcial/source" -I"/Sistemas_Embebidos/Examen2/segundo_parcial" -I"/Sistemas_Embebidos/Examen2/segundo_parcial/CMSIS" -I/Users/Roberto/mcuxpresso/SDKPackages/SDK_2/CMSIS/Include -I/Users/Roberto/mcuxpresso/SDKPackages/SDK_2/CMSIS -I/Users/Roberto/mcuxpresso/SDKPackages/SDK_2/devices/MK64F12 -I/Users/Roberto/mcuxpresso/SDKPackages/SDK_2/devices -I"/Sistemas_Embebidos/Examen2/segundo_parcial/startup" -O0 -fno-common -g3 -Wall -c -fmessage-length=0 -fno-builtin -ffunction-sections -fdata-sections -mcpu=cortex-m4 -mfpu=fpv4-sp-d16 -mfloat-abi=hard -mthumb -D__REDLIB__ -specs=redlib.specs -MMD -MP -MF"source/CONVERSION.d" -MT"source/CONVERSION.o" -MT"source/CONVERSION.d" -o "source/CONVERSION.o" "../source/CONVERSION.c"
../source/CONVERSION.c: In function 'convertToMorse':
../source/CONVERSION.c:14:1: warning: implicit declaration of function 'GPIO_init' [-Wimplicit-function-declaration]
 GPIO_init(GPIO_B, GPIO_OUTPUT, BIT23);
 ^
../source/CONVERSION.c: At top level:
../source/CONVERSION.c:21:6: warning: conflicting types for 'GPIO_init'
 void GPIO_init(GPIO_portNameType portName,GPIO_PIN_CONFIG gpio,BitsType bit){
      ^
../source/CONVERSION.c:14:1: note: previous implicit declaration of 'GPIO_init' was here
 GPIO_init(GPIO_B, GPIO_OUTPUT, BIT23);
 ^
Finished building: ../source/CONVERSION.c
 
Building target: segundo_parcial.axf
Invoking: MCU Linker
arm-none-eabi-gcc -nostdlib -Xlinker -Map="segundo_parcial.map" -Xlinker --gc-sections -Xlinker -print-memory-usage -mcpu=cortex-m4 -mfpu=fpv4-sp-d16 -mfloat-abi=hard -mthumb -T segundo_parcial_Debug.ld -o "segundo_parcial.axf"  ./startup/startup_mk64f12.o  ./source/CONVERSION.o ./source/GPIO.o ./source/GlobalFunctions.o ./source/NVIC.o ./source/PIT.o ./source/UART.o ./source/main.o  ./CMSIS/system_MK64F12.o   
Memory region         Used Size  Region Size  %age Used
   PROGRAM_FLASH:        6904 B         1 MB      0.66%
      SRAM_UPPER:        8492 B       192 KB      4.32%
      SRAM_LOWER:          0 GB        64 KB      0.00%
        FLEX_RAM:          0 GB         4 KB      0.00%
Finished building target: segundo_parcial.axf
 
make --no-print-directory post-build
Performing post-build steps
arm-none-eabi-size "segundo_parcial.axf"; # arm-none-eabi-objcopy -v -O binary "segundo_parcial.axf" "segundo_parcial.bin" ; # checksum -p MK64FN1M0xxx12 -d "segundo_parcial.bin";
   text	   data	    bss	    dec	    hex	filename
   6904	      0	   8492	  15396	   3c24	segundo_parcial.axf
 
19:44:45 **** Incremental Build of configuration Debug for project segundo_parcial ****
make -r -j3 all 
Building file: ../source/CONVERSION.c
Invoking: MCU C Compiler
arm-none-eabi-gcc -DCR_INTEGER_PRINTF -DSDK_DEBUGCONSOLE=0 -D__MCUXPRESSO -D__USE_CMSIS -DDEBUG -DSDK_OS_BAREMETAL -DFSL_RTOS_BM -DCPU_MK64FN1M0VLL12 -DCPU_MK64FN1M0VLL12_cm4 -D__REDLIB__ -I"/Sistemas_Embebidos/Examen2/segundo_parcial/source" -I"/Sistemas_Embebidos/Examen2/segundo_parcial" -I"/Sistemas_Embebidos/Examen2/segundo_parcial/CMSIS" -I/Users/Roberto/mcuxpresso/SDKPackages/SDK_2/CMSIS/Include -I/Users/Roberto/mcuxpresso/SDKPackages/SDK_2/CMSIS -I/Users/Roberto/mcuxpresso/SDKPackages/SDK_2/devices/MK64F12 -I/Users/Roberto/mcuxpresso/SDKPackages/SDK_2/devices -I"/Sistemas_Embebidos/Examen2/segundo_parcial/startup" -O0 -fno-common -g3 -Wall -c -fmessage-length=0 -fno-builtin -ffunction-sections -fdata-sections -mcpu=cortex-m4 -mfpu=fpv4-sp-d16 -mfloat-abi=hard -mthumb -D__REDLIB__ -specs=redlib.specs -MMD -MP -MF"source/CONVERSION.d" -MT"source/CONVERSION.o" -MT"source/CONVERSION.d" -o "source/CONVERSION.o" "../source/CONVERSION.c"
../source/CONVERSION.c:11:23: fatal error: CONVERSIO.h: No such file or directory
compilation terminated.
make: *** [source/CONVERSION.o] Error 1
19:44:49 **** Incremental Build of configuration Debug for project segundo_parcial ****
make -r -j3 all 
Building file: ../source/CONVERSION.c
Invoking: MCU C Compiler
arm-none-eabi-gcc -DCR_INTEGER_PRINTF -DSDK_DEBUGCONSOLE=0 -D__MCUXPRESSO -D__USE_CMSIS -DDEBUG -DSDK_OS_BAREMETAL -DFSL_RTOS_BM -DCPU_MK64FN1M0VLL12 -DCPU_MK64FN1M0VLL12_cm4 -D__REDLIB__ -I"/Sistemas_Embebidos/Examen2/segundo_parcial/source" -I"/Sistemas_Embebidos/Examen2/segundo_parcial" -I"/Sistemas_Embebidos/Examen2/segundo_parcial/CMSIS" -I/Users/Roberto/mcuxpresso/SDKPackages/SDK_2/CMSIS/Include -I/Users/Roberto/mcuxpresso/SDKPackages/SDK_2/CMSIS -I/Users/Roberto/mcuxpresso/SDKPackages/SDK_2/devices/MK64F12 -I/Users/Roberto/mcuxpresso/SDKPackages/SDK_2/devices -I"/Sistemas_Embebidos/Examen2/segundo_parcial/startup" -O0 -fno-common -g3 -Wall -c -fmessage-length=0 -fno-builtin -ffunction-sections -fdata-sections -mcpu=cortex-m4 -mfpu=fpv4-sp-d16 -mfloat-abi=hard -mthumb -D__REDLIB__ -specs=redlib.specs -MMD -MP -MF"source/CONVERSION.d" -MT"source/CONVERSION.o" -MT"source/CONVERSION.d" -o "source/CONVERSION.o" "../source/CONVERSION.c"
Finished building: ../source/CONVERSION.c
 
Building target: segundo_parcial.axf
Invoking: MCU Linker
arm-none-eabi-gcc -nostdlib -Xlinker -Map="segundo_parcial.map" -Xlinker --gc-sections -Xlinker -print-memory-usage -mcpu=cortex-m4 -mfpu=fpv4-sp-d16 -mfloat-abi=hard -mthumb -T segundo_parcial_Debug.ld -o "segundo_parcial.axf"  ./startup/startup_mk64f12.o  ./source/CONVERSION.o ./source/GPIO.o ./source/GlobalFunctions.o ./source/NVIC.o ./source/PIT.o ./source/UART.o ./source/main.o  ./CMSIS/system_MK64F12.o   
Memory region         Used Size  Region Size  %age Used
   PROGRAM_FLASH:        6904 B         1 MB      0.66%
      SRAM_UPPER:        8492 B       192 KB      4.32%
      SRAM_LOWER:          0 GB        64 KB      0.00%
        FLEX_RAM:          0 GB         4 KB      0.00%
Finished building target: segundo_parcial.axf
 
make --no-print-directory post-build
Performing post-build steps
arm-none-eabi-size "segundo_parcial.axf"; # arm-none-eabi-objcopy -v -O binary "segundo_parcial.axf" "segundo_parcial.bin" ; # checksum -p MK64FN1M0xxx12 -d "segundo_parcial.bin";
   text	   data	    bss	    dec	    hex	filename
   6904	      0	   8492	  15396	   3c24	segundo_parcial.axf
 
19:46:24 **** Incremental Build of configuration Debug for project segundo_parcial ****
make -r -j3 all 
Building file: ../source/CONVERSION.c
Building file: ../source/main.c
Invoking: MCU C Compiler
Invoking: MCU C Compiler
arm-none-eabi-gcc -DCR_INTEGER_PRINTF -DSDK_DEBUGCONSOLE=0 -D__MCUXPRESSO -D__USE_CMSIS -DDEBUG -DSDK_OS_BAREMETAL -DFSL_RTOS_BM -DCPU_MK64FN1M0VLL12 -DCPU_MK64FN1M0VLL12_cm4 -D__REDLIB__ -I"/Sistemas_Embebidos/Examen2/segundo_parcial/source" -I"/Sistemas_Embebidos/Examen2/segundo_parcial" -I"/Sistemas_Embebidos/Examen2/segundo_parcial/CMSIS" -I/Users/Roberto/mcuxpresso/SDKPackages/SDK_2/CMSIS/Include -I/Users/Roberto/mcuxpresso/SDKPackages/SDK_2/CMSIS -I/Users/Roberto/mcuxpresso/SDKPackages/SDK_2/devices/MK64F12 -I/Users/Roberto/mcuxpresso/SDKPackages/SDK_2/devices -I"/Sistemas_Embebidos/Examen2/segundo_parcial/startup" -O0 -fno-common -g3 -Wall -c -fmessage-length=0 -fno-builtin -ffunction-sections -fdata-sections -mcpu=cortex-m4 -mfpu=fpv4-sp-d16 -mfloat-abi=hard -mthumb -D__REDLIB__ -specs=redlib.specs -MMD -MP -MF"source/CONVERSION.d" -MT"source/CONVERSION.o" -MT"source/CONVERSION.d" -o "source/CONVERSION.o" "../source/CONVERSION.c"
arm-none-eabi-gcc -DCR_INTEGER_PRINTF -DSDK_DEBUGCONSOLE=0 -D__MCUXPRESSO -D__USE_CMSIS -DDEBUG -DSDK_OS_BAREMETAL -DFSL_RTOS_BM -DCPU_MK64FN1M0VLL12 -DCPU_MK64FN1M0VLL12_cm4 -D__REDLIB__ -I"/Sistemas_Embebidos/Examen2/segundo_parcial/source" -I"/Sistemas_Embebidos/Examen2/segundo_parcial" -I"/Sistemas_Embebidos/Examen2/segundo_parcial/CMSIS" -I/Users/Roberto/mcuxpresso/SDKPackages/SDK_2/CMSIS/Include -I/Users/Roberto/mcuxpresso/SDKPackages/SDK_2/CMSIS -I/Users/Roberto/mcuxpresso/SDKPackages/SDK_2/devices/MK64F12 -I/Users/Roberto/mcuxpresso/SDKPackages/SDK_2/devices -I"/Sistemas_Embebidos/Examen2/segundo_parcial/startup" -O0 -fno-common -g3 -Wall -c -fmessage-length=0 -fno-builtin -ffunction-sections -fdata-sections -mcpu=cortex-m4 -mfpu=fpv4-sp-d16 -mfloat-abi=hard -mthumb -D__REDLIB__ -specs=redlib.specs -MMD -MP -MF"source/main.d" -MT"source/main.o" -MT"source/main.d" -o "source/main.o" "../source/main.c"
../source/main.c: In function 'main':
../source/main.c:44:2: warning: implicit declaration of function 'init' [-Wimplicit-function-declaration]
  init();
  ^
../source/main.c:71:9: warning: implicit declaration of function 'convertToMorse' [-Wimplicit-function-declaration]
         convertToMorse(text[i]);
         ^
../source/CONVERSION.c: In function 'convertToMorse':
../source/CONVERSION.c:26:1: warning: implicit declaration of function 'convert' [-Wimplicit-function-declaration]
 convert(text);
 ^
Finished building: ../source/CONVERSION.c
 
Finished building: ../source/main.c
 
Building target: segundo_parcial.axf
Invoking: MCU Linker
arm-none-eabi-gcc -nostdlib -Xlinker -Map="segundo_parcial.map" -Xlinker --gc-sections -Xlinker -print-memory-usage -mcpu=cortex-m4 -mfpu=fpv4-sp-d16 -mfloat-abi=hard -mthumb -T segundo_parcial_Debug.ld -o "segundo_parcial.axf"  ./startup/startup_mk64f12.o  ./source/CONVERSION.o ./source/GPIO.o ./source/GlobalFunctions.o ./source/NVIC.o ./source/PIT.o ./source/UART.o ./source/main.o  ./CMSIS/system_MK64F12.o   
Memory region         Used Size  Region Size  %age Used
   PROGRAM_FLASH:        6928 B         1 MB      0.66%
      SRAM_UPPER:        8492 B       192 KB      4.32%
./source/CONVERSION.o: In function `convertToMorse':
/Sistemas_Embebidos/Examen2/segundo_parcial/Debug/../source/CONVERSION.c:26: undefined reference to `convert'
collect2: error: ld returned 1 exit status
      SRAM_LOWER:          0 GB        64 KB      0.00%
        FLEX_RAM:          0 GB         4 KB      0.00%
make: *** [segundo_parcial.axf] Error 1
