19:10:17 **** Incremental Build of configuration Debug for project segundo_parcial ****
make -r -j3 all 
Building file: ../source/main.c
Invoking: MCU C Compiler
arm-none-eabi-gcc -DCR_INTEGER_PRINTF -DSDK_DEBUGCONSOLE=0 -D__MCUXPRESSO -D__USE_CMSIS -DDEBUG -DSDK_OS_BAREMETAL -DFSL_RTOS_BM -DCPU_MK64FN1M0VLL12 -DCPU_MK64FN1M0VLL12_cm4 -D__REDLIB__ -I"/Sistemas_Embebidos/Examen2/segundo_parcial/source" -I"/Sistemas_Embebidos/Examen2/segundo_parcial" -I"/Sistemas_Embebidos/Examen2/segundo_parcial/CMSIS" -I/Users/Roberto/mcuxpresso/SDKPackages/SDK_2/CMSIS/Include -I/Users/Roberto/mcuxpresso/SDKPackages/SDK_2/CMSIS -I/Users/Roberto/mcuxpresso/SDKPackages/SDK_2/devices/MK64F12 -I/Users/Roberto/mcuxpresso/SDKPackages/SDK_2/devices -I"/Sistemas_Embebidos/Examen2/segundo_parcial/startup" -O0 -fno-common -g3 -Wall -c -fmessage-length=0 -fno-builtin -ffunction-sections -fdata-sections -mcpu=cortex-m4 -mfpu=fpv4-sp-d16 -mfloat-abi=hard -mthumb -D__REDLIB__ -specs=redlib.specs -MMD -MP -MF"source/main.d" -MT"source/main.o" -MT"source/main.d" -o "source/main.o" "../source/main.c"
Finished building: ../source/main.c
 
Building target: segundo_parcial.axf
Invoking: MCU Linker
arm-none-eabi-gcc -nostdlib -Xlinker -Map="segundo_parcial.map" -Xlinker --gc-sections -Xlinker -print-memory-usage -mcpu=cortex-m4 -mfpu=fpv4-sp-d16 -mfloat-abi=hard -mthumb -T segundo_parcial_Debug.ld -o "segundo_parcial.axf"  ./startup/startup_mk64f12.o  ./source/GPIO.o ./source/GlobalFunctions.o ./source/NVIC.o ./source/UART.o ./source/main.o  ./CMSIS/system_MK64F12.o   
Memory region         Used Size  Region Size  %age Used
   PROGRAM_FLASH:        5056 B         1 MB      0.48%
      SRAM_UPPER:        8380 B       192 KB      4.26%
      SRAM_LOWER:          0 GB        64 KB      0.00%
        FLEX_RAM:          0 GB         4 KB      0.00%
Finished building target: segundo_parcial.axf
 
make --no-print-directory post-build
Performing post-build steps
arm-none-eabi-size "segundo_parcial.axf"; # arm-none-eabi-objcopy -v -O binary "segundo_parcial.axf" "segundo_parcial.bin" ; # checksum -p MK64FN1M0xxx12 -d "segundo_parcial.bin";
   text	   data	    bss	    dec	    hex	filename
   5056	      0	   8380	  13436	   347c	segundo_parcial.axf
 

19:10:19 Build Finished (took 1s.790ms)

